........................................................................ [ 40%]
.....................................